// Vitest Snapshot v1, https://vitest.dev/guide/snapshot.html

exports[`variables get > fetches multiple variables by space-separated positional arguments 1`] = `
"[
  {
    "key": "first-variable",
    "name": "first variable",
    "type": "String"
  },
  {
    "key": "second-variable",
    "name": "second variable",
    "type": "String"
  }
]
"
`;
