// Vitest Snapshot v1, https://vitest.dev/guide/snapshot.html

exports[`variables list > passes pagination params to api 1`] = `
"[]
"
`;

exports[`variables list > passes search param to api 1`] = `
"[]
"
`;

exports[`variables list > returns a list of variable keys 1`] = `
"[
  "first-variable",
  "second-variable"
]
"
`;
