// Vitest Snapshot v1, https://vitest.dev/guide/snapshot.html

exports[`environments get > fetches multiple environments by space-separated positional arguments 1`] = `
"[
  {
    "key": "first-env",
    "name": "first env"
  },
  {
    "key": "second-env",
    "name": "second env"
  }
]
"
`;

exports[`environments get > returns a list of environment objects in headless mode 1`] = `
"[{"key":"first-env","name":"first env"},{"key":"second-env","name":"second env"}]
"
`;
